﻿[dotenv@17.3.1] injecting env (5) from .env -- tip: ΓÜÖ∩╕Å  load multiple .env files with { path: ['.env.local', '.env'] }
--- Gemini AI Integration Test ---

[1] Testing AI Food Categorization...
Food: "Keto-friendly zucchini noodles with avocado oil and flaxseeds"
Result: Unhealthy
Γ£à PASS: AI Categorized successfully.

[2] Testing AI Symptom Triage...
node : Gemini AI Error: 
[GoogleGenerativeAI Error]: Error 
fetching from https://generativelang
uage.googleapis.com/v1beta/models/ge
mini-1.5-flash:generateContent: 
[404 Not Found] 
models/gemini-1.5-flash is not 
found for API version v1beta, or is 
not supported for generateContent. 
Call ListModels to see the list of 
available models and their 
supported methods.
At line:1 char:1
+ node test_gemini_integration.js > 
test_output.txt 2>&1
+ ~~~~~~~~~~~~~~~~~~~~~~~~~~~~~~~~~~
~~~~~~~~~~~~~~~~~~~~
    + CategoryInfo          : 
NotSpe    cified: (Gemini AI 
Error...porte    d methods.:String) 
[], RemoteExc    eption
    + FullyQualifiedErrorId : 
Native    CommandError
 
Failed to parse AI triage response: 
null
Symptom: "Blurry vision in one eye after reading for 5 minutes"
Result: Urgency=Moderate, Suggestion="We recommend consulting a healthcare professional for personalized guidance on this symptom."
Γ£à PASS: AI Triage successful.

Tests completed.
